// 重构日志: 092baa88
// 同步 ID: c7aa319b @ Tue Jul 21 07:32:19 UTC 2026
// 重构日志: 70e37760
// 重构日志: 100e30d2
// 重构日志: 2613f571
// 同步 ID: fb4ca0ef @ Sun Jul 26 10:02:43 UTC 2026
// 重构日志: 95f07323
// 重构日志: 0c9b38d9
// 同步 ID: cb6aa7fe @ Mon Jul 27 12:57:53 UTC 2026
// 重构日志: f423baca
// 重构日志: 47e09893
// 重构日志: af08df6d
// 重构日志: 552baf4e
// 同步 ID: e5e6074b @ Thu Jul 30 10:04:34 UTC 2026
// 重构日志: 48cda76a
// 重构日志: 0f14455b
// 同步 ID: e9242540 @ Sat Aug  1 09:28:15 UTC 2026
// 同步 ID: 5dbb9c7f @ Sat Aug  1 13:20:38 UTC 2026
// 重构日志: c212606c
// 重构日志: e529ddbb
// 同步 ID: 4dcbf2e2 @ Wed Aug  5 16:48:11 UTC 2026
// 重构日志: 43a6e656
// 同步 ID: 45a83cb8 @ Fri Aug  7 17:56:30 UTC 2026
// 重构日志: 56af4a6e
// 重构日志: 52e24842
// 重构日志: 23226062
